
Automotive Grade Linux 20.0.4 qemux86-64 ttyS0

qemux86-64 login: [  133.400446] BUG: unable to handle page fault for address: 0000000088940750
[  133.400754] #PF: supervisor read access in user mode
[  133.400754] #PF: error_code(0x0000) - not-present page
[  133.400754] IDT: 0xfffffe0000000000 (limit=0xfff) GDT: 0xfffffe3b145a8000 (limit=0x7f)
[  133.400754] LDTR: NULL
[  133.400754] TR: 0x40 -- base=0xfffffe3b145aa000 limit=0x4087
[  133.400754] PGD 0 P4D 0 
[  133.400754] Oops: 0000 [#1] PREEMPT SMP NOPTI
[  133.400754] CPU: 3 PID: 673 Comm: FEngine::loop Not tainted 6.6.111-yocto-standard #1
[  133.400754] Hardware name: QEMU Standard PC (Q35 + ICH9, 2009), BIOS rel-1.16.3-0-ga6ed6b701f0a-prebuilt.qemu.org 04/01/2014
[  133.400754] RIP: 0033:0x7f69e7193541
[  133.400754] Code: 41 5e 41 5f c3 0f 1f 40 00 8d 47 da 31 c9 83 f8 04 0f 93 c1 8d 44 8f da 8d 44 88 22 c3 66 2e 0f 1f 84 00 00 00 00 00 66 90 ff <cf> 83 ff 07 0f 92 c0 c3 0f 1f 80 00 00 00 00 83 c7 f8 83 ff 07 0f
[  133.400754] RSP: 002b:00007f6988940750 EFLAGS: 00000217
[  133.400754] RAX: 0000000000000063 RBX: 0000000000000026 RCX: 00007f6981afc5f0
[  133.400754] RDX: 00007f6981afc140 RSI: 000000000000002e RDI: 00007f69ea2b9eb4
[  133.400754] RBP: 0000000000000026 R08: 00007f6981afc030 R09: 0000000000000000
[  133.400754] R10: 00007f69e7193541 R11: 0000000000000200 R12: 0000000000000000
[  133.400754] R13: 00007f6981afc5f0 R14: 00007f6981afc030 R15: 0000000000000000
[  133.400754] FS:  00007f69889446c0 GS:  0000000000000000
[  133.400754] Modules linked in: 8021q iptable_nat nf_nat cfg80211 nf_conntrack nf_defrag_ipv6 nf_defrag_ipv4 iptable_mangle iptable_filter snd_hrtimer snd_seq snd_seq_device snd_timer snd soundcore vcan can_dev can_raw bluetooth ecdh_generic ecc can parport_pc parport sch_fq_codel fuse configfs nfnetlink ip_tables x_tables
[  133.400754] CR2: 0000000088940750
[  133.408230] ---[ end trace 0000000000000000 ]---
[  133.409879] RIP: 0033:0x7f69e7193541
[  133.410219] RSP: 002b:00007f6988940750 EFLAGS: 00000217
[  133.410602] RAX: 0000000000000063 RBX: 0000000000000026 RCX: 00007f6981afc5f0
[  133.410823] RDX: 00007f6981afc140 RSI: 000000000000002e RDI: 00007f69ea2b9eb4
[  133.410986] RBP: 0000000000000026 R08: 00007f6981afc030 R09: 0000000000000000
[  133.411148] R10: 00007f69e7193541 R11: 0000000000000200 R12: 0000000000000000
[  133.411319] R13: 00007f6981afc5f0 R14: 00007f6981afc030 R15: 0000000000000000
[  133.411556] FS:  00007f69889446c0(0000) GS:ffff9924bbd80000(0000) knlGS:0000000000000000
[  133.411783] CS:  0033 DS: 0000 ES: 0000 CR0: 0000000080050033
[  133.411962] CR2: 0000000088940750 CR3: 000000010d516000 CR4: 00000000000006e0
