FLR0389_SELECTED_MARKERS
[21:54:22.496947] [I] FLUORITE_NATIVE_MATERIAL_BRANCH hardcoded=false shading=lit source=parameter
[21:54:22.491656] [I] FLUORITE_NATIVE_PURE_FIXTURE_SETUP_DONE
[21:55:04.910710] [I] FLUORITE_NATIVE_MINIMAL_GEOMETRY_ENABLED scene=true
[21:55:04.910157] [I] FLUORITE_NATIVE_MINIMAL_GEOMETRY_CONTRACT entity=12 has_renderable=true instance=2 primitives=1 bound_material=true material_instance=true vertex_count=8 index_count=36 scene=true
[21:55:04.910319] [I] FLUORITE_NATIVE_MINIMAL_GEOMETRY_READY vertices=8 indices=36 scene=true
[21:55:04.908431] [I] FLUORITE_NATIVE_FIXTURE_LIGHT_SETUP_DONE enabled=true type=SUN intensity=110000
count_geometry_failures=0
present_enter=8
present_return_ok=7
present_done=7
RECENT_FAULT_OR_PRESENT
FLR0026_VK_PRESENT_WAIT_SEMAPHORE enabled=true\nFLUORITE_VK_QUEUE_PRESENT_ENTER index=0 wait=true semaphore=0x7f5124025a40
FLUORITE_VK_QUEUE_PRESENT_RETURN result=0
FLUORITE_VK_PRESENT_DONE
FLR0026_VK_PRESENT_WAIT_SEMAPHORE enabled=true\nFLUORITE_VK_QUEUE_PRESENT_ENTER index=1 wait=true semaphore=0x7f5124025b20
FLUORITE_VK_QUEUE_PRESENT_RETURN result=0
FLUORITE_VK_PRESENT_DONE
FLR0026_VK_PRESENT_WAIT_SEMAPHORE enabled=true\nFLUORITE_VK_QUEUE_PRESENT_ENTER index=0 wait=true semaphore=0x7f5125c5dc30
FLUORITE_VK_QUEUE_PRESENT_RETURN result=0
FLUORITE_VK_PRESENT_DONE
FLR0026_VK_PRESENT_WAIT_SEMAPHORE enabled=true\nFLUORITE_VK_QUEUE_PRESENT_ENTER index=1 wait=true semaphore=0x7f5124025960
FLUORITE_VK_QUEUE_PRESENT_RETURN result=0
FLUORITE_VK_PRESENT_DONE
FLR0026_VK_PRESENT_WAIT_SEMAPHORE enabled=true\nFLUORITE_VK_QUEUE_PRESENT_ENTER index=0 wait=true semaphore=0x7f5125bf2a10
FLUORITE_VK_QUEUE_PRESENT_RETURN result=0
FLUORITE_VK_PRESENT_DONE
FLR0026_VK_PRESENT_WAIT_SEMAPHORE enabled=true\nFLUORITE_VK_QUEUE_PRESENT_ENTER index=1 wait=true semaphore=0x7f5124025a40
FLUORITE_VK_QUEUE_PRESENT_RETURN result=0
FLUORITE_VK_PRESENT_DONE
FLR0026_VK_PRESENT_WAIT_SEMAPHORE enabled=true\nFLUORITE_VK_QUEUE_PRESENT_ENTER index=0 wait=true semaphore=0x7f5124025b20
FLUORITE_VK_QUEUE_PRESENT_RETURN result=0
FLUORITE_VK_PRESENT_DONE
FLR0026_VK_PRESENT_WAIT_SEMAPHORE enabled=true\nFLUORITE_VK_QUEUE_PRESENT_ENTER index=1 wait=true semaphore=0x7f5125c5dc30
CHILD_EXIT=124
KERNEL_QUERY_RC=0
KERNEL_FAULT=none
COREDUMPCTL_RC=1
No coredumps found.

rc=0
__FLR_SERIAL_COMMAND_DONE_7B31__